// Vitest Snapshot v1, https://vitest.dev/guide/snapshot.html

exports[`K-means > auto clustering 'Toto-africa' / 'Clavi' 1`] = `3.998`;

exports[`K-means > auto clustering 'Toto-africa' / 'Flute' 1`] = `3.013`;

exports[`K-means > auto clustering 'Toto-africa' / 'Flute' 2`] = `1`;

exports[`K-means > auto clustering 'Toto-africa' / 'Fretless bass' 1`] = `3.919`;

exports[`K-means > auto clustering 'Toto-africa' / 'Lead 6 (voice)' 1`] = `2.197`;

exports[`K-means > auto clustering 'Toto-africa' / 'Marimba' 1`] = `5.699`;

exports[`K-means > auto clustering 'Toto-africa' / 'Marimba' 2`] = `3.999`;

exports[`K-means > auto clustering 'Toto-africa' / 'Overdriven guitar' 1`] = `2.994`;

exports[`K-means > auto clustering 'Toto-africa' / 'Percussion' 1`] = `6.924`;

exports[`K-means > auto clustering 'Toto-africa' / 'Synthbrass 2' 1`] = `4.895`;

exports[`K-means > auto clustering 'Under The Sea' / 'FR.HORN' 1`] = `2`;

exports[`K-means > auto clustering 'Under The Sea' / 'FRETLESS' 1`] = `2`;

exports[`K-means > auto clustering 'Under The Sea' / 'FRETLESS' 2`] = `2`;

exports[`K-means > auto clustering 'Under The Sea' / 'MARIMBA' 1`] = `2`;

exports[`K-means > auto clustering 'Under The Sea' / 'MARIMBA' 2`] = `3`;

exports[`K-means > auto clustering 'Under The Sea' / 'MUTED GTR' 1`] = `1`;

exports[`K-means > auto clustering 'Under The Sea' / 'Orchestra hit' 1`] = `1`;

exports[`K-means > auto clustering 'Under The Sea' / 'Orchestral harp' 1`] = `1`;

exports[`K-means > auto clustering 'Under The Sea' / 'PICCOLO' 1`] = `3`;

exports[`K-means > auto clustering 'Under The Sea' / 'Reed organ' 1`] = `1`;

exports[`K-means > auto clustering 'Under The Sea' / 'Reed organ' 2`] = `2`;

exports[`K-means > auto clustering 'Under The Sea' / 'SLAPBASS 1' 1`] = `1`;

exports[`K-means > auto clustering 'Under The Sea' / 'STEEL DRUM' 1`] = `1`;

exports[`K-means > auto clustering 'Under The Sea' / 'STEEL GTR' 1`] = `2`;

exports[`K-means > auto clustering 'Under The Sea' / 'STRINGS' 1`] = `2`;

exports[`K-means > auto clustering 'Under The Sea' / 'Slap bass 1' 1`] = `1`;

exports[`K-means > auto clustering 'Under The Sea' / 'Slap bass 1' 2`] = `1`;

exports[`K-means > auto clustering 'Under The Sea' / 'Slap bass 1' 3`] = `1`;

exports[`K-means > auto clustering 'Under The Sea' / 'Steel drums' 1`] = `1`;

exports[`K-means > auto clustering 'Under The Sea' / 'String ensemble 1' 1`] = `1`;

exports[`K-means > auto clustering 'Under The Sea' / 'String ensemble 1' 2`] = `2`;

exports[`K-means > auto clustering 'Under The Sea' / 'Tenor sax' 1`] = `2`;

exports[`K-means > auto clustering 'Under The Sea' / 'Trumpet' 1`] = `1`;

exports[`K-means > auto clustering 'Under The Sea' / 'VOICE OOHS' 1`] = `1`;

exports[`K-means > auto clustering 'Under The Sea' / 'Vibraphone' 1`] = `1`;

exports[`K-means > auto clustering 'Under The Sea' / 'Vibraphone' 2`] = `2`;
