// Vitest Snapshot v1, https://vitest.dev/guide/snapshot.html

exports[`K-means > auto clustering hall.mid 1`] = `
[
  {
    "_trackName": "Piano",
    "_trackNotes": 724,
    "average": 7.43,
    "max": 9,
    "median": 7,
    "min": 5,
    "mode": "8",
  },
  {
    "_trackName": "",
    "_trackNotes": 727,
    "average": 8.82,
    "max": 10,
    "median": 9,
    "min": 6,
    "mode": "9",
  },
]
`;

exports[`K-means > auto clustering lune.mid 1`] = `
[
  {
    "_trackName": "Piano",
    "_trackNotes": 1498,
    "average": 5.58,
    "max": 7,
    "median": 6,
    "min": 4,
    "mode": "6",
  },
]
`;

exports[`K-means > auto clustering toto.mid 1`] = `
[
  {
    "_trackName": "",
    "_trackNotes": 714,
    "average": 5.32,
    "max": 7,
    "median": 5,
    "min": 3,
    "mode": "5",
  },
  {
    "_trackName": "",
    "_trackNotes": 483,
    "average": 4.34,
    "max": 5,
    "median": 4,
    "min": 3,
    "mode": "4",
  },
  {
    "_trackName": "",
    "_trackNotes": 66,
    "average": 3.03,
    "max": 4,
    "median": 3,
    "min": 3,
    "mode": "3",
  },
  {
    "_trackName": "",
    "_trackNotes": 608,
    "average": 2.24,
    "max": 3,
    "median": 2,
    "min": 2,
    "mode": "2",
  },
  {
    "_trackName": "",
    "_trackNotes": 508,
    "average": 6.02,
    "max": 9,
    "median": 6,
    "min": 4,
    "mode": "6",
  },
  {
    "_trackName": "",
    "_trackNotes": 136,
    "average": 3.96,
    "max": 4,
    "median": 4,
    "min": 3,
    "mode": "4",
  },
  {
    "_trackName": "",
    "_trackNotes": 116,
    "average": 1,
    "max": 1,
    "median": 1,
    "min": 1,
    "mode": "1",
  },
  {
    "_trackName": "",
    "_trackNotes": 81,
    "average": 4,
    "max": 4,
    "median": 4,
    "min": 4,
    "mode": "4",
  },
  {
    "_trackName": "",
    "_trackNotes": 85,
    "average": 4.05,
    "max": 5,
    "median": 4,
    "min": 4,
    "mode": "4",
  },
]
`;
